salva@PC-PEDRO MINGW64 ~
$ cd OneDrive

salva@PC-PEDRO MINGW64 ~/OneDrive
$ ls
'Cofre Pessoal.lnk'*   Imagens/   desktop.ini
 Documentos/           Music/    'Área de Trabalho'/

salva@PC-PEDRO MINGW64 ~/OneDrive
$ cd Documentos

salva@PC-PEDRO MINGW64 ~/OneDrive/Documentos
$ ls

'Blocos de Anotações do OneNote'/    Jogos/
'CamScanner 30-06-2023 10.56.docx'   Kindle/
'CamScanner 30-06-2023 10.56.pdf'    Misc/
'Coleção - Mangás.xlsx'             'Modelos Personalizados do Office'/
 DANFE.pdf                           NetBeansProjects/
 Dieta.pdf                          'SIG@UPE.pdf'
'Electronic Arts'/                  'Sports Interactive'/
 Faculdade/                          desktop.ini

salva@PC-PEDRO MINGW64 ~/OneDrive/Documentos
$ cd Faculdade

salva@PC-PEDRO MINGW64 ~/OneDrive/Documentos/Faculdade
$ cd 2023.2

salva@PC-PEDRO MINGW64 ~/OneDrive/Documentos/Faculdade/2023.2
$ cd Engenharia de software
bash: cd: too many arguments

salva@PC-PEDRO MINGW64 ~/OneDrive/Documentos/Faculdade/2023.2
$ cd software

salva@PC-PEDRO MINGW64 ~/OneDrive/Documentos/Faculdade/2023.2/software
$ cd git

salva@PC-PEDRO MINGW64 ~/OneDrive/Documentos/Faculdade/2023.2/software/git
$ git add.
git: 'add.' is not a git command. See 'git --help'.

The most similar command is
        add

salva@PC-PEDRO MINGW64 ~/OneDrive/Documentos/Faculdade/2023.2/software/git
$ git add
fatal: not a git repository (or any of the parent directories): .git

salva@PC-PEDRO MINGW64 ~/OneDrive/Documentos/Faculdade/2023.2/software/git
$ git add .
fatal: not a git repository (or any of the parent directories): .git

salva@PC-PEDRO MINGW64 ~/OneDrive/Documentos/Faculdade/2023.2/software/git
$ git comiit -m "index"
git: 'comiit' is not a git command. See 'git --help'.

The most similar command is
        commit

salva@PC-PEDRO MINGW64 ~/OneDrive/Documentos/Faculdade/2023.2/software/git
$ git commit
fatal: not a git repository (or any of the parent directories): .git

salva@PC-PEDRO MINGW64 ~/OneDrive/Documentos/Faculdade/2023.2/software/git
$ git init
Initialized empty Git repository in C:/Users/salva/OneDrive/Documentos/Faculdade/2023.2/Software/Git/.git/

salva@PC-PEDRO MINGW64 ~/OneDrive/Documentos/Faculdade/2023.2/software/git (master)
$ ls
index.html

salva@PC-PEDRO MINGW64 ~/OneDrive/Documentos/Faculdade/2023.2/software/git (master)
$ git commit
Author identity unknown

*** Please tell me who you are.

Run

  git config --global user.email "you@example.com"
  git config --global user.name "Your Name"

to set your account's default identity.
Omit --global to set the identity only in this repository.

fatal: unable to auto-detect email address (got 'salva@PC-PEDRO.(none)')

salva@PC-PEDRO MINGW64 ~/OneDrive/Documentos/Faculdade/2023.2/software/git (master)
$ git config --global user.name "Pedro"

salva@PC-PEDRO MINGW64 ~/OneDrive/Documentos/Faculdade/2023.2/software/git (master)
$ git config --global user.email "pacs@ecomp.br"

salva@PC-PEDRO MINGW64 ~/OneDrive/Documentos/Faculdade/2023.2/software/git (master)
$ git commit -m "index"
On branch master

Initial commit

Untracked files:
  (use "git add <file>..." to include in what will be committed)
        index.html

nothing added to commit but untracked files present (use "git add" to track)

salva@PC-PEDRO MINGW64 ~/OneDrive/Documentos/Faculdade/2023.2/software/git (master)
$ git commit
On branch master

Initial commit

Untracked files:
  (use "git add <file>..." to include in what will be committed)
        index.html

nothing added to commit but untracked files present (use "git add" to track)

salva@PC-PEDRO MINGW64 ~/OneDrive/Documentos/Faculdade/2023.2/software/git (master)
$ git add .

salva@PC-PEDRO MINGW64 ~/OneDrive/Documentos/Faculdade/2023.2/software/git (master)
$ git commit -m "Index"
[master (root-commit) ce55188] Index
 1 file changed, 1 insertion(+)
 create mode 100644 index.html
